<html>
<body>
<pre>
<h1>µVision Build Log</h1>
<h2>Project:</h2>
D:\keil\test1\cmp\cmp.uvproj
Project File Date:  08/20/2018

<h2>Output:</h2>
Build target 'Target 1'
assembling cmp.S...
*** Error: Referred Memory Range 'ROM1' is undefined.
Target not created
Build target 'Target 1'
*** Error: Referred Memory Range 'ROM1' is undefined.
Target not created
Build target 'Target 1'
assembling cmp.S...
linking...
cmp.sct(8): warning: L6314W: No section matches pattern *(InRoot$$Sections).
Program Size: Code=16 RO-data=0 RW-data=0 ZI-data=0  
cmp.sct: Finished: 0 information, 1 warning and 0 error messages.
"cmp.axf" - 0 Error(s), 1 Warning(s).
Build target 'Target 1'
assembling cmp.S...
linking...
cmp.sct(8): warning: L6314W: No section matches pattern *(InRoot$$Sections).
Program Size: Code=24 RO-data=0 RW-data=0 ZI-data=0  
cmp.sct: Finished: 0 information, 1 warning and 0 error messages.
"cmp.axf" - 0 Error(s), 1 Warning(s).
