<html>
<body>
<pre>
<h1>µVision Build Log</h1>
<h2>Project:</h2>
D:\keil\test1\b\b.uvproj
Project File Date:  08/20/2018

<h2>Output:</h2>
Build target 'Target 1'
assembling b.S...
linking...
b.sct(8): warning: L6314W: No section matches pattern *(InRoot$$Sections).
Program Size: Code=20 RO-data=0 RW-data=0 ZI-data=0  
b.sct: Finished: 0 information, 1 warning and 0 error messages.
"b.axf" - 0 Error(s), 1 Warning(s).
Build target 'Target 1'
assembling b.S...
linking...
b.sct(8): warning: L6314W: No section matches pattern *(InRoot$$Sections).
Program Size: Code=20 RO-data=0 RW-data=0 ZI-data=0  
b.sct: Finished: 0 information, 1 warning and 0 error messages.
"b.axf" - 0 Error(s), 1 Warning(s).
Build target 'Target 1'
assembling b.S...
b.S(10): warning: A1608W: MOV pc,<rn> instruction used, but BX <rn> is preferred
b.S:    10 00000014  mov pc, lr
b.S: 0 Errors, 1 Warning
linking...
b.sct(8): warning: L6314W: No section matches pattern *(InRoot$$Sections).
Program Size: Code=24 RO-data=0 RW-data=0 ZI-data=0  
b.sct: Finished: 0 information, 1 warning and 0 error messages.
"b.axf" - 0 Error(s), 2 Warning(s).
