<html>
<body>
<pre>
<h1>µVision Build Log</h1>
<h2>Project:</h2>
D:\keil\test1\bic\bic.uvproj
Project File Date:  08/20/2018

<h2>Output:</h2>
Build target 'Target 1'
assembling bic.S...
linking...
bic.sct(8): warning: L6314W: No section matches pattern *(InRoot$$Sections).
Program Size: Code=8 RO-data=0 RW-data=0 ZI-data=0  
bic.sct: Finished: 0 information, 1 warning and 0 error messages.
"bic.axf" - 0 Error(s), 1 Warning(s).
Build target 'Target 1'
assembling bic.S...
linking...
bic.sct(8): warning: L6314W: No section matches pattern *(InRoot$$Sections).
Program Size: Code=12 RO-data=0 RW-data=0 ZI-data=0  
bic.sct: Finished: 0 information, 1 warning and 0 error messages.
"bic.axf" - 0 Error(s), 1 Warning(s).
Build target 'Target 1'
assembling bic.S...
linking...
bic.sct(8): warning: L6314W: No section matches pattern *(InRoot$$Sections).
Program Size: Code=12 RO-data=0 RW-data=0 ZI-data=0  
bic.sct: Finished: 0 information, 1 warning and 0 error messages.
"bic.axf" - 0 Error(s), 1 Warning(s).
Build target 'Target 1'
assembling bic.S...
linking...
bic.sct(8): warning: L6314W: No section matches pattern *(InRoot$$Sections).
Program Size: Code=12 RO-data=0 RW-data=0 ZI-data=0  
bic.sct: Finished: 0 information, 1 warning and 0 error messages.
"bic.axf" - 0 Error(s), 1 Warning(s).
Build target 'Target 1'
assembling bic.S...
linking...
bic.sct(8): warning: L6314W: No section matches pattern *(InRoot$$Sections).
Program Size: Code=12 RO-data=0 RW-data=0 ZI-data=0  
bic.sct: Finished: 0 information, 1 warning and 0 error messages.
"bic.axf" - 0 Error(s), 1 Warning(s).
Build target 'Target 1'
assembling bic.S...
linking...
bic.sct(8): warning: L6314W: No section matches pattern *(InRoot$$Sections).
Program Size: Code=12 RO-data=0 RW-data=0 ZI-data=0  
bic.sct: Finished: 0 information, 1 warning and 0 error messages.
"bic.axf" - 0 Error(s), 1 Warning(s).
Build target 'Target 1'
assembling bic.S...
linking...
bic.sct(8): warning: L6314W: No section matches pattern *(InRoot$$Sections).
Program Size: Code=12 RO-data=0 RW-data=0 ZI-data=0  
bic.sct: Finished: 0 information, 1 warning and 0 error messages.
"bic.axf" - 0 Error(s), 1 Warning(s).
Build target 'Target 1'
assembling bic.S...
linking...
bic.sct(8): warning: L6314W: No section matches pattern *(InRoot$$Sections).
Program Size: Code=12 RO-data=0 RW-data=0 ZI-data=0  
bic.sct: Finished: 0 information, 1 warning and 0 error messages.
"bic.axf" - 0 Error(s), 1 Warning(s).
Build target 'Target 1'
assembling bic.S...
linking...
bic.sct(8): warning: L6314W: No section matches pattern *(InRoot$$Sections).
Program Size: Code=12 RO-data=0 RW-data=0 ZI-data=0  
bic.sct: Finished: 0 information, 1 warning and 0 error messages.
"bic.axf" - 0 Error(s), 1 Warning(s).
Build target 'Target 1'
assembling bic.S...
linking...
bic.sct(8): warning: L6314W: No section matches pattern *(InRoot$$Sections).
Program Size: Code=12 RO-data=0 RW-data=0 ZI-data=0  
bic.sct: Finished: 0 information, 1 warning and 0 error messages.
"bic.axf" - 0 Error(s), 1 Warning(s).
Build target 'Target 1'
assembling bic.S...
linking...
bic.sct(8): warning: L6314W: No section matches pattern *(InRoot$$Sections).
Program Size: Code=16 RO-data=0 RW-data=0 ZI-data=0  
bic.sct: Finished: 0 information, 1 warning and 0 error messages.
"bic.axf" - 0 Error(s), 1 Warning(s).
Build target 'Target 1'
linking...
bic.sct(8): warning: L6314W: No section matches pattern *(InRoot$$Sections).
Program Size: Code=16 RO-data=0 RW-data=0 ZI-data=0  
bic.sct: Finished: 0 information, 1 warning and 0 error messages.
"bic.axf" - 0 Error(s), 1 Warning(s).
Build target 'Target 1'
linking...
bic.sct(8): warning: L6314W: No section matches pattern *(InRoot$$Sections).
Program Size: Code=16 RO-data=0 RW-data=0 ZI-data=0  
bic.sct: Finished: 0 information, 1 warning and 0 error messages.
"bic.axf" - 0 Error(s), 1 Warning(s).
